4.000000000000042
0.000000000000092
468.232579993657964
29966.885119594124262
